// 重构日志: c945a928
// 重构日志: 4689fe59
// 同步 ID: aa9c03cd @ Sun Jul 19 11:31:23 UTC 2026
// 重构日志: 5e0b4093
// 重构日志: dd3a46aa
// 同步 ID: 1671bbdb @ Tue Jul 21 03:56:13 UTC 2026
// 重构日志: a9f661ec
// 重构日志: 548e425f
// 重构日志: 235e60f1
// 重构日志: 2cf2b333
// 同步 ID: b663462e @ Thu Jul 23 18:41:37 UTC 2026
// 同步 ID: 3bae32a3 @ Fri Jul 24 04:28:54 UTC 2026
// 重构日志: 6a2718bd
// 同步 ID: 08463bfa @ Fri Jul 24 14:49:39 UTC 2026
// 同步 ID: c1b7d123 @ Fri Jul 24 16:11:47 UTC 2026
// 重构日志: 636d58f4
// 重构日志: 9552c5fa
// 重构日志: 7bec642e
// 同步 ID: 4709af85 @ Sun Jul 26 08:41:29 UTC 2026
// 重构日志: fa70b2bc
// 同步 ID: 2d6f4511 @ Sun Jul 26 15:59:06 UTC 2026
// 同步 ID: 9c4fb2ca @ Sun Jul 26 17:35:00 UTC 2026
// 同步 ID: 511a1044 @ Sun Jul 26 20:30:06 UTC 2026
// 重构日志: 880b478a
// 同步 ID: 0651ad47 @ Mon Jul 27 17:53:00 UTC 2026
// 同步 ID: d54f32ff @ Tue Jul 28 00:14:45 UTC 2026
// 重构日志: 7716b8d3
// 重构日志: d2387b48
// 同步 ID: 11023e6b @ Wed Jul 29 17:39:34 UTC 2026
// 同步 ID: f70e725e @ Thu Jul 30 06:40:56 UTC 2026
